
> shopshere@0.1.0 test
> jest __tests__/integration/ProductDetailFlow.test.tsx

  console.log
    Button rendered { variant: 'ghost', size: 'default', propsKeys: [ 'children' ] }

      at log (components/ui/button.tsx:6:13)

  console.error
    Received `true` for a non-boolean attribute `fill`.
    
    If you want to write it to the DOM, pass a string instead: fill="true" or fill={value.toString()}.

    [0m [90m 22 |[39m
     [90m 23 |[39m   test([32m'renders product details correctly'[39m[33m,[39m () [33m=>[39m {
    [31m[1m>[22m[39m[90m 24 |[39m     render(
     [90m    |[39m     [31m[1m^[22m[39m
     [90m 25 |[39m       [33m<[39m[33mToastProvider[39m[33m>[39m
     [90m 26 |[39m         [33m<[39m[33mProductDetailClient[39m product[33m=[39m{mockProduct} [33m/[39m[33m>[39m
     [90m 27 |[39m       [33m<[39m[33m/[39m[33mToastProvider[39m[33m>[39m[0m

      at validateProperty (node_modules/react-dom/cjs/react-dom-client.development.js:3070:27)
      at warnUnknownProperties (node_modules/react-dom/cjs/react-dom-client.development.js:3146:9)
      at validatePropertiesInDevelopment (node_modules/react-dom/cjs/react-dom-client.development.js:19868:9)
      at setInitialProperties (node_modules/react-dom/cjs/react-dom-client.development.js:20491:7)
      at completeWork (node_modules/react-dom/cjs/react-dom-client.development.js:12662:18)
      at runWithFiberInDEV (node_modules/react-dom/cjs/react-dom-client.development.js:874:13)
      at completeUnitOfWork (node_modules/react-dom/cjs/react-dom-client.development.js:17777:19)
      at performUnitOfWork (node_modules/react-dom/cjs/react-dom-client.development.js:17658:11)
      at workLoopSync (node_modules/react-dom/cjs/react-dom-client.development.js:17469:41)
      at renderRootSync (node_modules/react-dom/cjs/react-dom-client.development.js:17450:11)
      at performWorkOnRoot (node_modules/react-dom/cjs/react-dom-client.development.js:16504:11)
      at performWorkOnRootViaSchedulerTask (node_modules/react-dom/cjs/react-dom-client.development.js:18957:7)
      at flushActQueue (node_modules/react/cjs/react.development.js:590:34)
      at process.env.NODE_ENV.exports.act (node_modules/react/cjs/react.development.js:884:10)
      at node_modules/@testing-library/react/dist/act-compat.js:47:25
      at renderRoot (node_modules/@testing-library/react/dist/pure.js:190:26)
      at render (node_modules/@testing-library/react/dist/pure.js:292:10)
      at Object.render (__tests__/integration/ProductDetailFlow.test.tsx:24:5)

  console.error
    React does not recognize the `layoutId` prop on a DOM element. If you intentionally want it to appear in the DOM as a custom attribute, spell it as lowercase `layoutid` instead. If you accidentally passed it from a parent component, remove it from the DOM element.

    [0m [90m 22 |[39m
     [90m 23 |[39m   test([32m'renders product details correctly'[39m[33m,[39m () [33m=>[39m {
    [31m[1m>[22m[39m[90m 24 |[39m     render(
     [90m    |[39m     [31m[1m^[22m[39m
     [90m 25 |[39m       [33m<[39m[33mToastProvider[39m[33m>[39m
     [90m 26 |[39m         [33m<[39m[33mProductDetailClient[39m product[33m=[39m{mockProduct} [33m/[39m[33m>[39m
     [90m 27 |[39m       [33m<[39m[33m/[39m[33mToastProvider[39m[33m>[39m[0m

      at validateProperty (node_modules/react-dom/cjs/react-dom-client.development.js:3001:19)
      at warnUnknownProperties (node_modules/react-dom/cjs/react-dom-client.development.js:3146:9)
      at validatePropertiesInDevelopment (node_modules/react-dom/cjs/react-dom-client.development.js:19868:9)
      at setInitialProperties (node_modules/react-dom/cjs/react-dom-client.development.js:20491:7)
      at completeWork (node_modules/react-dom/cjs/react-dom-client.development.js:12662:18)
      at runWithFiberInDEV (node_modules/react-dom/cjs/react-dom-client.development.js:874:13)
      at completeUnitOfWork (node_modules/react-dom/cjs/react-dom-client.development.js:17777:19)
      at performUnitOfWork (node_modules/react-dom/cjs/react-dom-client.development.js:17658:11)
      at workLoopSync (node_modules/react-dom/cjs/react-dom-client.development.js:17469:41)
      at renderRootSync (node_modules/react-dom/cjs/react-dom-client.development.js:17450:11)
      at performWorkOnRoot (node_modules/react-dom/cjs/react-dom-client.development.js:16504:11)
      at performWorkOnRootViaSchedulerTask (node_modules/react-dom/cjs/react-dom-client.development.js:18957:7)
      at flushActQueue (node_modules/react/cjs/react.development.js:590:34)
      at process.env.NODE_ENV.exports.act (node_modules/react/cjs/react.development.js:884:10)
      at node_modules/@testing-library/react/dist/act-compat.js:47:25
      at renderRoot (node_modules/@testing-library/react/dist/pure.js:190:26)
      at render (node_modules/@testing-library/react/dist/pure.js:292:10)
      at Object.render (__tests__/integration/ProductDetailFlow.test.tsx:24:5)

  console.log
    Button rendered {
      variant: 'primary',
      size: 'default',
      propsKeys: [ 'onClick', 'disabled', 'children' ]
    }

      at log (components/ui/button.tsx:6:13)

  console.log
    Button rendered {
      variant: 'primary',
      size: 'default',
      propsKeys: [ 'onClick', 'disabled', 'children' ]
    }

      at log (components/ui/button.tsx:6:13)

  console.log
    Button rendered { variant: 'ghost', size: 'default', propsKeys: [ 'children' ] }

      at log (components/ui/button.tsx:6:13)

  console.log
    Button rendered {
      variant: 'primary',
      size: 'default',
      propsKeys: [ 'onClick', 'disabled', 'children' ]
    }

      at log (components/ui/button.tsx:6:13)

  console.log
    Button rendered {
      variant: 'primary',
      size: 'default',
      propsKeys: [ 'onClick', 'disabled', 'children' ]
    }

      at log (components/ui/button.tsx:6:13)

  console.log
    Button rendered { variant: 'ghost', size: 'default', propsKeys: [ 'children' ] }

      at log (components/ui/button.tsx:6:13)

  console.log
    Button rendered {
      variant: 'primary',
      size: 'default',
      propsKeys: [ 'onClick', 'disabled', 'children' ]
    }

      at log (components/ui/button.tsx:6:13)

  console.log
    Button rendered {
      variant: 'primary',
      size: 'default',
      propsKeys: [ 'onClick', 'disabled', 'children' ]
    }

      at log (components/ui/button.tsx:6:13)

  console.log
    handleAddToCart called

      at log (components/ProductDetailClient.tsx:44:13)

  console.log
    Button rendered { variant: 'ghost', size: 'default', propsKeys: [ 'children' ] }

      at log (components/ui/button.tsx:6:13)

  console.log
    Button rendered {
      variant: 'primary',
      size: 'default',
      propsKeys: [ 'onClick', 'disabled', 'children' ]
    }

      at log (components/ui/button.tsx:6:13)

  console.log
    Button rendered {
      variant: 'primary',
      size: 'default',
      propsKeys: [ 'onClick', 'disabled', 'children' ]
    }

      at log (components/ui/button.tsx:6:13)

  console.log
    Button rendered { variant: 'ghost', size: 'default', propsKeys: [ 'children' ] }

      at log (components/ui/button.tsx:6:13)

  console.log
    Button rendered {
      variant: 'primary',
      size: 'default',
      propsKeys: [ 'onClick', 'disabled', 'children' ]
    }

      at log (components/ui/button.tsx:6:13)

  console.log
    Button rendered {
      variant: 'primary',
      size: 'default',
      propsKeys: [ 'onClick', 'disabled', 'children' ]
    }

      at log (components/ui/button.tsx:6:13)

node.exe : FAIL __tests__/integration/ProductDetailFlow.test.tsx
At line:1 char:1
+ & "C:\Program Files\nodejs/node.exe" "C:\Users\Admin\AppData\Roaming\ ...
+ ~~~~~~~~~~~~~~~~~~~~~~~~~~~~~~~~~~~~~~~~~~~~~~~~~~~~~~~~~~~~~~~~~~~~~
    + CategoryInfo          : NotSpecified: (FAIL __tests__/...ilFlow.test.tsx:String) [], RemoteException
    + FullyQualifiedErrorId : NativeCommandError
 
  ProductDetailFlow Integration Tests
    ΓêÜ renders product details correctly (178 ms)
    ├ù allows variant selection and adds to cart (1136 ms)
    ΓêÜ handles out of stock state (28 ms)

  ΓùÅ ProductDetailFlow Integration Tests ΓÇ║ allows variant selection and adds to cart

    Found multiple elements with the text: (content, element)=>content.includes('Added to Cart')

    Here are the matching elements:

    Ignored nodes: comments, script, style
    [36m<div[39m
      [33mclass[39m=[32m"flex items-center gap-2"[39m
    [36m>[39m
      [36m<svg[39m
        [33maria-hidden[39m=[32m"true"[39m
        [33mclass[39m=[32m"lucide lucide-check"[39m
        [33mfill[39m=[32m"none"[39m
        [33mheight[39m=[32m"24"[39m
        [33mstroke[39m=[32m"currentColor"[39m
        [33mstroke-linecap[39m=[32m"round"[39m
        [33mstroke-linejoin[39m=[32m"round"[39m
        [33mstroke-width[39m=[32m"2"[39m
        [33mviewBox[39m=[32m"0 0 24 24"[39m
        [33mwidth[39m=[32m"24"[39m
        [33mxmlns[39m=[32m"http://www.w3.org/2000/svg"[39m
      [36m>[39m
        [36m<path[39m
          [33md[39m=[32m"M20 6 9 17l-5-5"[39m
        [36m/>[39m
      [36m</svg>[39m
      [0m Added to Cart[0m
    [36m</div>[39m

    Ignored nodes: comments, script, style
    [36m<h5[39m
      [33mclass[39m=[32m"text-sm font-semibold text-slate-900 dark:text-[#f1f5f9]"[39m
    [36m>[39m
      [0mAdded to Cart[0m
    [36m</h5>[39m

    (If this is intentional, then use the `*AllBy*` variant of the query (like `queryAllByText`, `getAllByText`, or 
`findAllByText`)).

    Ignored nodes: comments, script, style
    [36m<body>[39m
      [36m<div>[39m
        [36m<div[39m
          [33mclass[39m=[32m"max-w-7xl mx-auto"[39m
        [36m>[39m
          [36m<a[39m
            [33mhref[39m=[32m"/"[39m
          [36m>[39m
            [36m<button[39m
              [33mclass[39m=[32m"inline-flex items-center justify-center rounded-md font-medium transition-colors 
focus:outline-none focus:ring-2 focus:ring-indigo-500 focus:ring-offset-2 disabled:opacity-50 
disabled:pointer-events-none bg-transparent dark:hover:bg-[#1E293B] text-slate-700 dark:text-slate-300 h-10 px-4 py-2 
text-sm mb-6 pl-0 hover:bg-transparent"[39m
            [36m>[39m
              [36m<svg[39m
                [33maria-hidden[39m=[32m"true"[39m
                [33mclass[39m=[32m"lucide lucide-arrow-left mr-2"[39m
                [33mfill[39m=[32m"none"[39m
                [33mheight[39m=[32m"18"[39m
                [33mstroke[39m=[32m"currentColor"[39m
                [33mstroke-linecap[39m=[32m"round"[39m
                [33mstroke-linejoin[39m=[32m"round"[39m
                [33mstroke-width[39m=[32m"2"[39m
                [33mviewBox[39m=[32m"0 0 24 24"[39m
                [33mwidth[39m=[32m"18"[39m
                [33mxmlns[39m=[32m"http://www.w3.org/2000/svg"[39m
              [36m>[39m
                [36m<path[39m
                  [33md[39m=[32m"m12 19-7-7 7-7"[39m
                [36m/>[39m
                [36m<path[39m
                  [33md[39m=[32m"M19 12H5"[39m
                [36m/>[39m
              [36m</svg>[39m
              [0m Back to browsing[0m
            [36m</button>[39m
          [36m</a>[39m
          [36m<div[39m
            [33mclass[39m=[32m"grid grid-cols-1 md:grid-cols-2 gap-12"[39m
          [36m>[39m
            [36m<div[39m
              [33mclass[39m=[32m"space-y-4"[39m
            [36m>[39m
              [36m<div[39m
                [33mclass[39m=[32m"aspect-square rounded-2xl overflow-hidden bg-[#f1f5f9] dark:bg-[#1E293B] border 
border-[#e2e8f0] dark:border-slate-700 relative group"[39m
                [33mlayoutid[39m=[32m"product-image-1"[39m
              [36m>[39m
                [36m<img[39m
                  [33malt[39m=[32m"Test Sneaker"[39m
                  [33mclass[39m=[32m"object-contain p-4 transition-transform duration-300 
group-hover:scale-105"[39m
                  [33msrc[39m=[32m"sneaker.jpg"[39m
                [36m/>[39m
              [36m</div>[39m
              [36m<div[39m
                [33mclass[39m=[32m"flex gap-4 overflow-x-auto pb-2 scrollbar-hide"[39m
              [36m>[39m
                [36m<button[39m
                  [33mclass[39m=[32m"relative w-20 h-20 flex-shrink-0 rounded-lg overflow-hidden transition-all 
border-[#167091] border-2"[39m
                [36m>[39m
                  [36m<img[39m
                    [33malt[39m=[32m"Test Sneaker view 1"[39m
                    [33mclass[39m=[32m"object-cover"[39m
                    [33msrc[39m=[32m"sneaker.jpg"[39m
                  [36m/>[39m
                [36m</button>[39m
              [36m</div>[39m
            [36m</div>[39m
            [36m<div[39m
              [33mclass[39m=[32m"space-y-8"[39m
            [36m>[39m
              [36m<div>[39m
                [36m<div[39m
                  [33mclass[39m=[32m"flex items-center gap-2 mb-2"[39m
                [36m>[39m
                  [36m<span[39m
                    [33mclass[39m=[32m"inline-flex items-center rounded-full bg-indigo-100 dark:bg-indigo-900 
px-2.5 py-0.5 text-xs font-semibold text-indigo-800 dark:text-indigo-100"[39m
                  [36m>[39m
                    [0mNike[0m
                  [36m</span>[39m
                  [36m<span[39m
                    [33mclass[39m=[32m"inline-flex items-center rounded-full px-2.5 py-0.5 text-xs font-semibold 
bg-[#f1f5f9] text-slate-700 dark:bg-[#1E293B] dark:text-slate-300"[39m
                  [36m>[39m
                    [0mshoes[0m
                  [36m</span>[39m
                [36m</div>[39m
                [36m<h1[39m
                  [33mclass[39m=[32m"text-3xl md:text-4xl font-bold text-slate-900 dark:text-[#f1f5f9] mb-4"[39m
                [36m>[39m
                  [0mTest Sneaker[0m
                [36m</h1>[39m
                [36m<div[39m
                  [33mclass[39m=[32m"flex items-center gap-4 mb-6"[39m
                [36m>[39m
                  [36m<div[39m
                    [33mclass[39m=[32m"flex items-center text-amber-400"[39m
                  [36m>[39m
                    [36m<svg[39m
                      [33maria-hidden[39m=[32m"true"[39m
                      [33mclass[39m=[32m"lucide lucide-star"[39m
                      [33mfill[39m=[32m"currentColor"[39m
                      [33mheight[39m=[32m"20"[39m
                      [33mstroke[39m=[32m"currentColor"[39m
                      [33mstroke-linecap[39m=[32m"round"[39m
                      [33mstroke-linejoin[39m=[32m"round"[39m
                      [33mstroke-width[39m=[32m"2"[39m
                      [33mviewBox[39m=[32m"0 0 24 24"[39m
                      [33mwidth[39m=[32m"20"[39m
                      [33mxmlns[39m=[32m"http://www.w3.org/2000/svg"[39m
                    [36m>[39m
                      [36m<path[39m
                        [33md[39m=[32m"M11.525 2.295a.53.53 0 0 1 .95 0l2.31 4.679a2.123 2.123 0 0 0 1.595 
1.16l5.166.756a.53.53 0 0 1 .294.904l-3.736 3.638a2.123 2.123 0 0 0-.611 1.878l.882 5.14a.53.53 0 0 
1-.771.56l-4.618-2.428a2.122 2.122 0 0 0-1.973 0L6.396 21.01a.53.53 0 0 1-.77-.56l.881-5.139a2.122 2.122 0 0 
0-.611-1.879L2.16 9.795a.53.53 0 0 1 .294-.906l5.165-.755a2.122 2.122 0 0 0 1.597-1.16z"[39m
                      [36m/>[39m
                    [36m</svg>[39m
                    [36m<svg[39m
                      [33maria-hidden[39m=[32m"true"[39m
                      [33mclass[39m=[32m"lucide lucide-star"[39m
                      [33mfill[39m=[32m"currentColor"[39m
                      [33mheight[39m=[32m"20"[39m
                      [33mstroke[39m=[32m"currentColor"[39m
                      [33mstroke-linecap[39m=[32m"round"[39m
                      [33mstroke-linejoin[39m=[32m"round"[39m
                      [33mstroke-width[39m=[32m"2"[39m
                      [33mviewBox[39m=[32m"0 0 24 24"[39m
                      [33mwidth[39m=[32m"20"[39m
                      [33mxmlns[39m=[32m"http://www.w3.org/2000/svg"[39m
                    [36m>[39m
                      [36m<path[39m
                        [33md[39m=[32m"M11.525 2.295a.53.53 0 0 1 .95 0l2.31 4.679a2.123 2.123 0 0 0 1.595 
1.16l5.166.756a.53.53 0 0 1 .294.904l-3.736 3.638a2.123 2.123 0 0 0-.611 1.878l.882 5.14a.53.53 0 0 
1-.771.56l-4.618-2.428a2.122 2.122 0 0 0-1.973 0L6.396 21.01a.53.53 0 0 1-.77-.56l.881-5.139a2.122 2.122 0 0 
0-.611-1.879L2.16 9.795a.53.53 0 0 1 .294-.906l5.165-.755a2.122 2.122 0 0 0 1.597-1.16z"[39m
                      [36m/>[39m
                    [36m</svg>[39m
                    [36m<svg[39m
                      [33maria-hidden[39m=[32m"true"[39m
                      [33mclass[39m=[32m"lucide lucide-star"[39m
                      [33mfill[39m=[32m"currentColor"[39m
                  ...

    [0m [90m 50 |[39m
     [90m 51 |[39m     [90m// Verify Button State Change[39m
    [31m[1m>[22m[39m[90m 52 |[39m     [36mawait[39m waitFor(() [33m=>[39m {
     [90m    |[39m           [31m[1m^[22m[39m
     [90m 53 |[39m       [90m// Check for button text change (indicates click handler ran)[39m
     [90m 54 |[39m       [36mconst[39m addedText [33m=[39m screen[33m.[39mqueryByText((content[33m,[39m 
element) [33m=>[39m content[33m.[39mincludes([32m'Added to Cart'[39m))[33m;[39m
     [90m 55 |[39m       [36mif[39m ([33m![39maddedText) {[0m

      at waitForWrapper (node_modules/@testing-library/dom/dist/wait-for.js:163:27)
      at Object.waitFor (__tests__/integration/ProductDetailFlow.test.tsx:52:11)

Test Suites: 1 failed, 1 total
Tests:       1 failed, 2 passed, 3 total
Snapshots:   0 total
Time:        4.025 s
Ran all test suites matching __tests__/integration/ProductDetailFlow.test.tsx.
